Unity Editor version:    6000.6.0f1 (f7f8ed4d1e24)
Branch:                  6000.6/respin/6000.6.0f1-fa21a270ab12
Build type:              Release
Batch mode:              NO
macOS version:           Version 26.5.1 (Build 25F80)
Darwin version:          25.5.0
Architecture:            arm64
Running under Rosetta:   NO
Available memory:        16384 MB
Date:                    2026-09-12T22:48:35Z
VBCSCompilerPreWarmer: pre-warm launched (dotnet PID 5189)
VBCSCompiler prewarm took 1.71 ms
[Licensing::Module] Trying to connect to existing licensing client channel...
[Licensing::IpcConnector] Successfully connected to: "LicenseClient-lowkeyadi" at "2026-09-12T22:48:35.759245Z"

COMMAND LINE ARGUMENTS:
/Applications/Unity/Hub/Editor/6000.6.0f1/Unity.app/Contents/MacOS/Unity
-projectpath
/Users/lowkeyadi/Desktop/Dough To Door/Dough2Door
-acceptSoftwareTermsForThisRunOnly
-useHub
-hubIPC
-cloudEnvironment
production
-licensingIpc
LicenseClient-lowkeyadi
-hubSessionId
8343b246-1dad-44cb-973a-d1838da3736c
-accessToken
5xwPGbuiLhnsEUSPBKCcmosbaMOSvUrqXtcU5hLhdJs011f
Successfully changed project path to: /Users/lowkeyadi/Desktop/Dough To Door/Dough2Door
/Users/lowkeyadi/Desktop/Dough To Door/Dough2Door
[UnityMemory] Configuration Parameters - Can be set up in boot.config
    "memorysetup-temp-allocator-size-gi-baking-worker=262144"
    "memorysetup-temp-allocator-size-gi-baking-worker=262144"
    "memorysetup-temp-allocator-size-gi-baking-worker=262144"
    "memorysetup-temp-allocator-size-gi-baking-worker=262144"
    "memorysetup-temp-allocator-size-gi-baking-worker=262144"
    "memorysetup-temp-allocator-size-nav-mesh-worker=65536"
    "memorysetup-temp-allocator-size-audio-worker=65536"
    "memorysetup-temp-allocator-size-cloud-worker=32768"
    "memorysetup-temp-allocator-size-preload-manager=33554432"
    "memorysetup-remapper-allocator-initial-capacity=32768"
    "memorysetup-temp-allocator-size-gfx=262144"
    "memorysetup-allocator-temp-initial-block-size-main=262144"
    "memorysetup-allocator-temp-initial-block-size-worker=262144"
    "memorysetup-temp-allocator-size-background-worker=32768"
    "memorysetup-temp-allocator-size-job-worker=262144"
    "memorysetup-bucket-allocator-granularity=16"
    "memorysetup-bucket-allocator-bucket-count=8"
    "memorysetup-bucket-allocator-block-size=33554432"
    "memorysetup-bucket-allocator-block-count=8"
    "memorysetup-main-allocator-block-size=16777216"
    "memorysetup-thread-allocator-block-size=16777216"
    "memorysetup-main-allocator-mimalloc-enabled=1"
    "memorysetup-gfx-main-allocator-block-size=16777216"
    "memorysetup-gfx-thread-allocator-block-size=16777216"
    "memorysetup-cache-allocator-block-size=4194304"
    "memorysetup-typetree-allocator-block-size=2097152"
    "memorysetup-profiler-bucket-allocator-granularity=16"
    "memorysetup-profiler-bucket-allocator-bucket-count=8"
    "memorysetup-profiler-bucket-allocator-block-size=33554432"
    "memorysetup-profiler-bucket-allocator-block-count=8"
    "memorysetup-profiler-allocator-block-size=16777216"
    "memorysetup-profiler-editor-allocator-block-size=1048576"
    "memorysetup-temp-allocator-size-main=16777216"
    "memorysetup-job-temp-allocator-block-size=2097152"
    "memorysetup-job-temp-allocator-block-size-background=1048576"
    "memorysetup-job-temp-allocator-reduction-small-platforms=262144"
Player connection [8421711488]  Target information:

Player connection [8421711488]  * "[IP] 192.168.1.36 [Port] 55504 [Flags] 2 [Guid] 2760751600 [EditorId] 2760751600 [Version] 1048832 [Id] OSXEditor(0,Adis-MacBook-Air.local) [Debug] 1 [PackageName] OSXEditor [ProjectName] Editor" 

Player connection [8421711488] Host joined multi-casting on [225.0.0.222:54997]...
Player connection [8421711488] Host joined alternative multi-casting on [225.0.0.222:34997]...
Input System module state changed to: Initialized.
[Physics::Module] Initialized fallback backend.
[Physics::Module] Id: 0xdecafbad
[Licensing::Client] Handshaking with LicensingClient:
  Version:                 1.18.3+d7ffd15
  Session Id:              ace3bb5839bf40829fc4890cf19de68a
  Correlation Id:          8957cc5af759828a238feb4928a7fdbb
  External correlation Id: 7237476015859201875
  Machine Id:              K8yk0/rRJMtvBsaMSwntaLo20Wg=
[Licensing::Module] Successfully connected to LicensingClient on channel: "LicenseClient-lowkeyadi" (connect: 0.00s, validation: 0.00s, handshake: 0.29s)
[Licensing::IpcConnector] Successfully connected to: "LicenseClient-lowkeyadi-notifications" at "2026-09-12T22:48:36.045826Z"
[Licensing::Client] Successfully updated the access token
[Licensing::Module] Successfully updated the access token 5xwPGbuiLh...
[Licensing::Client] Successfully resolved entitlement details
[Licensing::Module] License group:
  Id: 18967700887659-UnityPersXXXX
  Product: Unity Personal
  Type: Assigned
  Expiration: Unlimited
[Licensing::Client] Successfully updated license, isAsync: True, time: 0.00
[Licensing::Client] Successfully resolved entitlement details
[Licensing::Module] Licensing Background thread has ended after 0.29s
[Package Manager] Connected to IPC stream "Upm-5188" after 0.2 seconds.
[Licensing::Client] Successfully resolved entitlement details
Library Redirect Path: Library/
Initialising UDS system complete:
  - System type: Client
  - Resource namespace: 804ad5b6ea6b2cbe1d71c5f38c31f2da
  - Shared memory size: 1073741824
  - Command buffer id: 1052672
  - Command buffer size: 8192
  - Hashmap size: 4194304
  - Service connected: false
Launching Unity Data Store - /Applications/Unity/Hub/Editor/6000.6.0f1/Unity.app/Contents/Helpers/Unity.DataStore 
Unity Data Store artifact dir = Library/DataStore, working dir = /Users/lowkeyadi/Desktop/Dough To Door/Dough2Door[Physics::Module] Selected backend.
[Physics::Module] Name: PhysX
[Physics::Module] Id: 0xf2b8ea05
[Physics::Module] SDK Version: 4.1.2
[Physics::Module] Integration Version: 1.0.0
[Physics::Module] Threading Mode: Multi-Threaded
Unity Data Store running and initialised
Initialize engine version: 6000.6.0f1 (f7f8ed4d1e24)
[EntityIdStore] init: VM path (explicit commit), pageSize=16384, blockCount=262144, entitiesPerBlock=1024, slots reserved=4294967296 bytes
[Subsystems] Discovering subsystems at path /Applications/Unity/Hub/Editor/6000.6.0f1/Unity.app/Contents/Resources/UnitySubsystems
[Subsystems] Discovering subsystems at path /Users/lowkeyadi/Desktop/Dough To Door/Dough2Door/Assets
GfxDevice: creating device client; kGfxThreadingModeThreaded
 preferred device: Apple M5 (high power)
Metal devices available: 1
0: Apple M5 (high power)
Using device Apple M5 (high power)
Initializing Metal device caps: Apple M5
Mac GPU Family: 2
Apple GPU Family: 9
MSL Version: 3.0
Has Float MSAA: 1
Has Float Filtering: 1
ReadWrite Texture Tier: 2
Initialize mono
Mono path[0] = '/Applications/Unity/Hub/Editor/6000.6.0f1/Unity.app/Contents/Resources/Scripting/Managed'
Mono path[1] = '/Applications/Unity/Hub/Editor/6000.6.0f1/Unity.app/Contents/Resources/Scripting/BCLExtensions/runtime/netstandard2.1'
Mono path[2] = '/Applications/Unity/Hub/Editor/6000.6.0f1/Unity.app/Contents/Resources/Scripting/MonoBleedingEdge/lib/mono/unityjit-macos'
Mono config path = '/Applications/Unity/Hub/Editor/6000.6.0f1/Unity.app/Contents/Resources/Scripting/MonoBleedingEdge/etc'
Using monoOptions --debugger-agent=transport=dt_socket,embedding=1,server=y,suspend=n,address=127.0.0.1:56188
CodeReloadManager initialized
ImportWorker Server TCP listen port: 0
AcceleratorClientConnectionCallback - disconnected - :0
Begin MonoManager ReloadAssembly
Registering precompiled unity dll's ...
Register platform support module: /Applications/Unity/Hub/Editor/6000.6.0f1/PlaybackEngines/WebGLSupport/UnityEditor.WebGL.Extensions.dll
Register platform support module: /Applications/Unity/Hub/Editor/6000.6.0f1/PlaybackEngines/MacStandaloneSupport/UnityEditor.OSXStandalone.Extensions.dll
Registered in 0.000816 seconds.
Native extension for OSXStandalone target not found
Native extension for WebGL target not found
Package Manager log level set to [2]
ScheduleIndexationOnStartup MainProcess:False IndexOnStartup:True
Scripting: successfully reloaded assembly
- Finished resetting the current domain, in  0.411 seconds
Domain Reload Profiling: 652ms
	BeginReloadAssembly (62ms)
		CreateAndSetChildDomain (7ms)
	RebuildNativeTypeToScriptingClass (8ms)
	initialDomainReloadingComplete (24ms)
	LoadAllAssembliesAndSetupDomain (144ms)
		LoadAssemblies (55ms)
		TypeCache.Refresh (103ms)
			TypeCache.ScanAssembly (94ms)
		AnalyzeDomain (0ms)
	FinalizeReload (412ms)
		SetupLoadedEditorAssemblies (0ms)
			BeforeProcessingInitializeOnLoad (43ms)
			ProcessInitializeOnLoadAttributes (42ms)
			ProcessInitializeOnLoadMethodAttributes (230ms)
[Licensing::Client] Successfully resolved entitlement details
Application.AssetDatabase Initial Refresh Start
[Package Manager] Restoring resolved packages state from cache
[Licensing::Client] Successfully resolved entitlement details
[Package Manager] Registered 59 packages:
  Packages from [https://packages.unity.com]:
    com.unity.ai.navigation@2.0.14 (location: /Users/lowkeyadi/Desktop/Dough To Door/Dough2Door/Library/PackageCache/com.unity.ai.navigation@134dd6a3b97b)
    com.unity.collab-proxy@2.13.6 (location: /Users/lowkeyadi/Desktop/Dough To Door/Dough2Door/Library/PackageCache/com.unity.collab-proxy@4628d2ba6ea4)
    com.unity.ide.rider@3.0.38 (location: /Users/lowkeyadi/Desktop/Dough To Door/Dough2Door/Library/PackageCache/com.unity.ide.rider@1f60b3138684)
    com.unity.ide.visualstudio@2.0.26 (location: /Users/lowkeyadi/Desktop/Dough To Door/Dough2Door/Library/PackageCache/com.unity.ide.visualstudio@a99d56dec63f)
    com.unity.inputsystem@1.20.0 (location: /Users/lowkeyadi/Desktop/Dough To Door/Dough2Door/Library/PackageCache/com.unity.inputsystem@7a4e1a2a8194)
    com.unity.visualscripting@1.9.12 (location: /Users/lowkeyadi/Desktop/Dough To Door/Dough2Door/Library/PackageCache/com.unity.visualscripting@4edfcc09512f)
    com.unity.searcher@4.9.5 (location: /Users/lowkeyadi/Desktop/Dough To Door/Dough2Door/Library/PackageCache/com.unity.searcher@a463122f2c00)
    com.unity.profiling.core@1.0.3 (location: /Users/lowkeyadi/Desktop/Dough To Door/Dough2Door/Library/PackageCache/com.unity.profiling.core@8a49f7027d06)
    com.unity.nuget.mono-cecil@1.11.6 (location: /Users/lowkeyadi/Desktop/Dough To Door/Dough2Door/Library/PackageCache/com.unity.nuget.mono-cecil@ecb9724e46ff)
  Built-in packages:
    com.unity.render-pipelines.universal@17.6.0 (location: /Users/lowkeyadi/Desktop/Dough To Door/Dough2Door/Library/PackageCache/com.unity.render-pipelines.universal@8457e85b8184)
    com.unity.test-framework@1.8.0 (location: /Users/lowkeyadi/Desktop/Dough To Door/Dough2Door/Library/PackageCache/com.unity.test-framework@7a3849e09bd0)
    com.unity.timeline@6.6.0 (location: /Users/lowkeyadi/Desktop/Dough To Door/Dough2Door/Library/PackageCache/com.unity.timeline@281d5f7e7d7d)
    com.unity.ugui@2.6.0 (location: /Users/lowkeyadi/Desktop/Dough To Door/Dough2Door/Library/PackageCache/com.unity.ugui@23caec89ae27)
    com.unity.modules.accessibility@1.0.0 (location: /Users/lowkeyadi/Desktop/Dough To Door/Dough2Door/Library/PackageCache/com.unity.modules.accessibility)
    com.unity.modules.adaptiveperformance@1.0.0 (location: /Users/lowkeyadi/Desktop/Dough To Door/Dough2Door/Library/PackageCache/com.unity.modules.adaptiveperformance)
    com.unity.modules.ai@1.0.0 (location: /Users/lowkeyadi/Desktop/Dough To Door/Dough2Door/Library/PackageCache/com.unity.modules.ai)
    com.unity.modules.androidjni@1.0.0 (location: /Users/lowkeyadi/Desktop/Dough To Door/Dough2Door/Library/PackageCache/com.unity.modules.androidjni)
    com.unity.modules.animation@1.0.0 (location: /Users/lowkeyadi/Desktop/Dough To Door/Dough2Door/Library/PackageCache/com.unity.modules.animation)
    com.unity.modules.assetbundle@1.0.0 (location: /Users/lowkeyadi/Desktop/Dough To Door/Dough2Door/Library/PackageCache/com.unity.modules.assetbundle)
    com.unity.modules.audio@1.0.0 (location: /Users/lowkeyadi/Desktop/Dough To Door/Dough2Door/Library/PackageCache/com.unity.modules.audio)
    com.unity.modules.cloth@1.0.0 (location: /Users/lowkeyadi/Desktop/Dough To Door/Dough2Door/Library/PackageCache/com.unity.modules.cloth)
    com.unity.modules.director@1.0.0 (location: /Users/lowkeyadi/Desktop/Dough To Door/Dough2Door/Library/PackageCache/com.unity.modules.director)
    com.unity.modules.imageconversion@1.0.0 (location: /Users/lowkeyadi/Desktop/Dough To Door/Dough2Door/Library/PackageCache/com.unity.modules.imageconversion)
    com.unity.modules.imgui@1.0.0 (location: /Users/lowkeyadi/Desktop/Dough To Door/Dough2Door/Library/PackageCache/com.unity.modules.imgui)
    com.unity.modules.jsonserialize@1.0.0 (location: /Users/lowkeyadi/Desktop/Dough To Door/Dough2Door/Library/PackageCache/com.unity.modules.jsonserialize)
    com.unity.modules.particlesystem@1.0.0 (location: /Users/lowkeyadi/Desktop/Dough To Door/Dough2Door/Library/PackageCache/com.unity.modules.particlesystem)
    com.unity.modules.physics@1.0.0 (location: /Users/lowkeyadi/Desktop/Dough To Door/Dough2Door/Library/PackageCache/com.unity.modules.physics)
    com.unity.modules.physics2d@1.0.0 (location: /Users/lowkeyadi/Desktop/Dough To Door/Dough2Door/Library/PackageCache/com.unity.modules.physics2d)
    com.unity.modules.physicscore2d@1.0.0 (location: /Users/lowkeyadi/Desktop/Dough To Door/Dough2Door/Library/PackageCache/com.unity.modules.physicscore2d)
    com.unity.modules.screencapture@1.0.0 (location: /Users/lowkeyadi/Desktop/Dough To Door/Dough2Door/Library/PackageCache/com.unity.modules.screencapture)
    com.unity.modules.terrain@1.0.0 (location: /Users/lowkeyadi/Desktop/Dough To Door/Dough2Door/Library/PackageCache/com.unity.modules.terrain)
    com.unity.modules.terrainphysics@1.0.0 (location: /Users/lowkeyadi/Desktop/Dough To Door/Dough2Door/Library/PackageCache/com.unity.modules.terrainphysics)
    com.unity.modules.tetgen@1.0.0 (location: /Users/lowkeyadi/Desktop/Dough To Door/Dough2Door/Library/PackageCache/com.unity.modules.tetgen)
    com.unity.modules.tilemap@1.0.0 (location: /Users/lowkeyadi/Desktop/Dough To Door/Dough2Door/Library/PackageCache/com.unity.modules.tilemap)
    com.unity.modules.timelinefoundation@1.0.0 (location: /Users/lowkeyadi/Desktop/Dough To Door/Dough2Door/Library/PackageCache/com.unity.modules.timelinefoundation)
    com.unity.modules.ui@1.0.0 (location: /Users/lowkeyadi/Desktop/Dough To Door/Dough2Door/Library/PackageCache/com.unity.modules.ui)
    com.unity.modules.uielements@1.0.0 (location: /Users/lowkeyadi/Desktop/Dough To Door/Dough2Door/Library/PackageCache/com.unity.modules.uielements)
    com.unity.modules.umbra@1.0.0 (location: /Users/lowkeyadi/Desktop/Dough To Door/Dough2Door/Library/PackageCache/com.unity.modules.umbra)
    com.unity.modules.unityanalytics@1.0.0 (location: /Users/lowkeyadi/Desktop/Dough To Door/Dough2Door/Library/PackageCache/com.unity.modules.unityanalytics)
    com.unity.modules.unitywebrequest@1.0.0 (location: /Users/lowkeyadi/Desktop/Dough To Door/Dough2Door/Library/PackageCache/com.unity.modules.unitywebrequest)
    com.unity.modules.unitywebrequestassetbundle@1.0.0 (location: /Users/lowkeyadi/Desktop/Dough To Door/Dough2Door/Library/PackageCache/com.unity.modules.unitywebrequestassetbundle)
    com.unity.modules.unitywebrequestaudio@1.0.0 (location: /Users/lowkeyadi/Desktop/Dough To Door/Dough2Door/Library/PackageCache/com.unity.modules.unitywebrequestaudio)
    com.unity.modules.unitywebrequesttexture@1.0.0 (location: /Users/lowkeyadi/Desktop/Dough To Door/Dough2Door/Library/PackageCache/com.unity.modules.unitywebrequesttexture)
    com.unity.modules.unitywebrequestwww@1.0.0 (location: /Users/lowkeyadi/Desktop/Dough To Door/Dough2Door/Library/PackageCache/com.unity.modules.unitywebrequestwww)
    com.unity.modules.vectorgraphics@1.0.0 (location: /Users/lowkeyadi/Desktop/Dough To Door/Dough2Door/Library/PackageCache/com.unity.modules.vectorgraphics)
    com.unity.modules.vehicles@1.0.0 (location: /Users/lowkeyadi/Desktop/Dough To Door/Dough2Door/Library/PackageCache/com.unity.modules.vehicles)
    com.unity.modules.video@1.0.0 (location: /Users/lowkeyadi/Desktop/Dough To Door/Dough2Door/Library/PackageCache/com.unity.modules.video)
    com.unity.modules.wind@1.0.0 (location: /Users/lowkeyadi/Desktop/Dough To Door/Dough2Door/Library/PackageCache/com.unity.modules.wind)
    com.unity.modules.xr@1.0.0 (location: /Users/lowkeyadi/Desktop/Dough To Door/Dough2Door/Library/PackageCache/com.unity.modules.xr)
    com.unity.modules.subsystems@1.0.0 (location: /Users/lowkeyadi/Desktop/Dough To Door/Dough2Door/Library/PackageCache/com.unity.modules.subsystems)
    com.unity.modules.hierarchycore@1.0.0 (location: /Users/lowkeyadi/Desktop/Dough To Door/Dough2Door/Library/PackageCache/com.unity.modules.hierarchycore)
    com.unity.ext.nunit@2.1.0 (location: /Users/lowkeyadi/Desktop/Dough To Door/Dough2Door/Library/PackageCache/com.unity.ext.nunit@0198eae3b53e)
    com.unity.render-pipelines.core@17.6.0 (location: /Users/lowkeyadi/Desktop/Dough To Door/Dough2Door/Library/PackageCache/com.unity.render-pipelines.core@2d66c71e606e)
    com.unity.shadergraph@17.6.0 (location: /Users/lowkeyadi/Desktop/Dough To Door/Dough2Door/Library/PackageCache/com.unity.shadergraph@ef6135652377)
    com.unity.render-pipelines.universal-config@17.6.0 (location: /Users/lowkeyadi/Desktop/Dough To Door/Dough2Door/Library/PackageCache/com.unity.render-pipelines.universal-config@561422b74439)
    com.unity.graph-authoring@1.0.0 (location: /Users/lowkeyadi/Desktop/Dough To Door/Dough2Door/Library/PackageCache/com.unity.graph-authoring@cfd2588851ee)
    com.unity.burst@2.0.0 (location: /Users/lowkeyadi/Desktop/Dough To Door/Dough2Door/Library/PackageCache/com.unity.burst@626e66ab421b)
    com.unity.collections@6.6.0 (location: /Users/lowkeyadi/Desktop/Dough To Door/Dough2Door/Library/PackageCache/com.unity.collections@10fff0607388)
    com.unity.test-framework.performance@6.6.0 (location: /Users/lowkeyadi/Desktop/Dough To Door/Dough2Door/Library/PackageCache/com.unity.test-framework.performance@0a60b857a52e)
[Subsystems] No new subsystems found in resolved package list.
[Package Manager] Done registering packages in 0.00 seconds
AcceleratorClientConnectionCallback - disconnected - :0
Starting: /Applications/Unity/Hub/Editor/6000.6.0f1/Unity.app/Contents/Resources/BuildPipeline/bee_backend --ipc --defer-dag-verification --dagfile="Library/Bee/200b0aE.dag" --continue-on-failure --profile="Library/Bee/backend1.traceevents" ScriptAssemblies
WorkingDir: /Users/lowkeyadi/Desktop/Dough To Door/Dough2Door
warn: Unity.ILPP.Runner.PostProcessingAssemblyLoadContext[0]
      Assembly system.runtime.interopservices.windowsruntime has duplicate hint path. Ignoring "/Applications/Unity/Hub/Editor/6000.6.0f1/Unity.app/Contents/Resources/Scripting/UnityReferenceAssemblies/unity-4.8-api/Facades/System.Runtime.InteropServices.WindowsRuntime.dll" in favor of "/Applications/Unity/Hub/Editor/6000.6.0f1/Unity.app/Contents/Resources/Scripting/NetStandard/Extensions/2.0.0/System.Runtime.InteropServices.WindowsRuntime.dll"
warn: Unity.ILPP.Runner.PostProcessingAssemblyLoadContext[0]
      Assembly system.componentmodel.composition has duplicate hint path. Ignoring "/Applications/Unity/Hub/Editor/6000.6.0f1/Unity.app/Contents/Resources/Scripting/UnityReferenceAssemblies/unity-4.8-api/System.ComponentModel.Composition.dll" in favor of "/Applications/Unity/Hub/Editor/6000.6.0f1/Unity.app/Contents/Resources/Scripting/NetStandard/compat/2.1.0/shims/netfx/System.ComponentModel.Composition.dll"
ExitCode: 0 Duration: 0s237ms
[685/899    0s] ILPP-Configuration Library/ilpp-configuration.nevergeneratedoutput
*** Tundra build success (0.23 seconds), 1 items updated, 899 evaluated
Total cache size 31708008
Total cache size after purge 31708008, took 00:00:00.0113588
AssetDatabase: script compilation time: 0.714691s
Begin MonoManager ReloadAssembly
'Packages/com.unity.render-pipelines.core/Editor/Deprecated.cs' contains partial class of Unity.Object, exactly 1 of the partial classes needs to be in a file with the same filename. This is to know the one that can be referenced from ie. GameObjects
'Packages/com.unity.render-pipelines.core/Editor/Deprecated.cs' contains partial class of Unity.Object, exactly 1 of the partial classes needs to be in a file with the same filename. This is to know the one that can be referenced from ie. GameObjects
Importing 'GUID: 0000000000000000c000000000000000 - Path: ProjectSettings/EditorSettings.asset' with importer (LibraryAssetImporter)
Imported 'GUID: 0000000000000000c000000000000000' -> (Import Result ID: '7bda09bcf21d239609cee0ee0a13735f') in 0.008 seconds [static dependencies only]. Details - ImportResultOutputID=9bf1f3a6d7407228d033acb548d88253 DependenciesID=78d97dc7c176ad9a105c03ec28adfba0 StaticDependenciesID=ece369d0d153e1f976e6421ba1161f93 
Native extension for OSXStandalone target not found
Native extension for WebGL target not found
ScheduleIndexationOnStartup MainProcess:True IndexOnStartup:True
Scripting: successfully reloaded assembly
- Finished resetting the current domain, in  0.405 seconds
Domain Reload Profiling: 796ms
	BeginReloadAssembly (89ms)
		DisableScriptedObjects (7ms)
		CreateAndSetChildDomain (23ms)
	RebuildCommonClasses (4ms)
	RebuildNativeTypeToScriptingClass (8ms)
	initialDomainReloadingComplete (20ms)
	LoadAllAssembliesAndSetupDomain (270ms)
		LoadAssemblies (129ms)
		TypeCache.Refresh (80ms)
			TypeCache.ScanAssembly (72ms)
		AnalyzeDomain (32ms)
			BuildScriptInfoCaches (28ms)
			ResolveRequiredComponents (3ms)
	FinalizeReload (406ms)
		SetupLoadedEditorAssemblies (0ms)
			BeforeProcessingInitializeOnLoad (44ms)
			ProcessInitializeOnLoadAttributes (137ms)
			ProcessInitializeOnLoadMethodAttributes (28ms)
		AwakeInstancesAfterBackupRestoration (8ms)
Starting new worker id: 0 with log in /Users/lowkeyadi/Desktop/Dough To Door/Dough2Door/Logs/AssetImportWorkerHW0.log

Asset Pipeline Refresh (id=39f5ce72b68df48b3bd6eff6b3f81481): Total: 2.099 seconds - Initiated by InitialRefreshV2(ForceSynchronousImport)
	(Values over 0.05ms)
	Summary:
		Imports: total=1 (actual=1, local cache=0, cache server=0)
		Asset DB Process Time: managed=1 ms, native=857 ms
		Asset DB Callback time: managed=87 ms, native=6 ms
		Scripting: domain reloads=1, domain reload time=409 ms, compile time=716 ms, other=22 ms
		Project Asset Count: scripts=1368, non-scripts=2316
		Asset File Changes: new=0, changed=1, moved=0, deleted=0
		Scan Filter Count: 1
	InvokePackagesCallback: 4.286ms
	ApplyChangesToAssetFolders: 0.180ms
	Scan: 281.741ms
	Collect global state as custom dependencies: 9.407ms
	OnSourceAssetsModified: 0.244ms
	CategorizeScriptCompilationAssets: 27.703ms
	ProcessAssetsWithTransientArtifactChanges: 28.851ms
	CategorizeAssets: 29.363ms
	CompileScripts: 715.513ms
	ImportOutOfDateAssets: 420.536ms (409.446ms without children)
		ImportManagerImport: 9.010ms (1.239ms without children)
		UnloadImportedAssets: 0.523ms
		EnsureUptoDateAssetsAreRegisteredWithGuidPM: 0.438ms
		ImportSchedulerStart: 1.100ms
	PostProcessAllAssets: 87.765ms
		VCAutoAddAssetPostprocess 0.459ms
		XRBuildSystem.XRAssetImported 0.068ms
		MonoPostProcessAllAssets: 87.076ms
			AssetPostprocessor.OnPostprocessAllAssets 56.711ms
			StyleCatalogPostProcessor.OnPostprocessAllAssets 10.052ms
			UniversalRenderPipelineGlobalSettingsPostprocessor.OnPostprocessAllAssets 5.902ms
			BuilderAssetPostprocessor.OnPostprocessAllAssets 2.652ms
			AssetChangedListener.OnPostprocessAllAssets 2.137ms
			ShaderGraphAssetPostProcessor.OnPostprocessAllAssets 0.798ms
			SpeedTree9Postprocessor.OnPostprocessAllAssets 0.795ms
			WindowAssetPostprocessingWatcher.OnPostprocessAllAssets 0.642ms
			RetainedModeAssetPostprocessor.OnPostprocessAllAssets 0.518ms
			EditModeScopePostprocessor.OnPostprocessAllAssets 0.334ms
			MaterialPostprocessor.OnPostprocessAllAssets 0.316ms
			RenderPipelineGlobalSettingsPostprocessor.OnPostprocessAllAssets 0.257ms
			ShaderReflectionAssetPostProcessor.OnPostprocessAllAssets 0.203ms
			ArtifactBrowserPostProcessor.OnPostprocessAllAssets 0.179ms
			PostProcessor.OnPostprocessAllAssets 0.147ms
			InputActionAssetPostprocessor.OnPostprocessAllAssets 0.142ms
			TextAssetPostProcessor.OnPostprocessAllAssets 0.137ms
			ReferencedClipsPostProcessor.OnPostprocessAllAssets 0.130ms
			UVCSAssetPostprocessor.OnPostprocessAllAssets 0.127ms
			AudioMixerPostprocessor.OnPostprocessAllAssets 0.109ms
			InputActionJsonNameModifierAssetProcessor.OnPostprocessAllAssets 0.105ms
			AssetEvents.OnPostprocessAllAssets 0.104ms
			TMPro_TexturePostProcessor.OnPostprocessAllAssets 0.100ms
			TerrainToolbarOverlayPostProcessor.OnPostprocessAllAssets 0.081ms
			ProjectSettingsPostprocessor.OnPostprocessAllAssets 0.066ms
			SpeedTreePostProcessor.OnPostprocessAllAssets 0.059ms
			SamplePostprocessor.OnPostprocessAllAssets 0.052ms
			AssetDatabaseCallbacks.OnPostprocessAllAssets 0.052ms
			ThemePostprocessor.OnPostprocessAllAssets 0.051ms
	PostAssetChangesProfiler: 2.049ms
	UnloadStreamsBegin: 0.907ms
	PersistCurrentRevisions: 0.104ms
	GenerateScriptTypeHashes: 0.558ms
	GenerateScriptTypeSerializationHashes: 1.090ms
	Untracked: 489.472ms

Application.AssetDatabase Initial Refresh End
Shader Hidden/ChartRasterizerHardware is not supported: GPU does not support conservative rasterization
Launching external process: /Applications/Unity/Hub/Editor/6000.6.0f1/Unity.app/Contents/Helpers/UnityShaderCompiler
Launched and connected shader compiler UnityShaderCompiler after 0.03 seconds
Shader Hidden/ChartRasterizerHardware is not supported: GPU does not support conservative rasterization
Scanning for USB devices : 0.021ms
Initializing Unity extensions:
[MODES] ModeService[none].Initialize
[MODES] ModeService[none].LoadModes
[MODES] Loading mode Default (0) for mode-current-id-Dough2Door
2026-09-13 01:48:39.463 Unity[5188:126236] NSEventModifierFlagFunction specified to -setKeyEquivalentModifierMask: for item <NSMenuItem: 0xacc6aec60 SDF, ke='Command-F12'>, but is only supported for system-provided menu items; will not be used
Unloading 63 Unused Serialized files (Serialized files now loaded: 0)
Loaded scene 'Assets/Scenes/SampleScene.unity'
	Deserialize:            1.494 ms
	Integration:            4.181 ms
	Integration of assets:  0.002 ms
	Thread Wait Time:       0.003 ms
	Total Operation Time:   5.680 ms
Unloading 6623 unused Assets / (20.6 MB). Loaded Objects now: 7575.
Memory consumption went from 283.2 MB to 262.5 MB.
Total: 5.328208 ms (FindLiveObjects: 0.317708 ms CreateObjectMapping: 0.109917 ms MarkObjects: 3.430042 ms  DeleteObjects: 1.378166 ms)

[LAYOUT] About to load UserSettings/Layouts/default-6000.dwlt, keepMainWindow=False
[LAYOUT] About to save layout /Users/lowkeyadi/Desktop/Dough To Door/Dough2Door/UserSettings/Layouts/default-6000.dwlt
[LAYOUT] About to save layout /Users/lowkeyadi/Library/Preferences/Unity/Editor-5.x/Layouts/current/default-6000.dwlt
[MODES] ModeService[default].InitializeCurrentMode
[MODES] ModeService[default].RaiseModeChanged(default, default)
2026-09-13 01:48:40.047 Unity[5188:126236] NSEventModifierFlagFunction specified to -setKeyEquivalentModifierMask: for item <NSMenuItem: 0xacc6aea80 SDF, ke='Command-F12'>, but is only supported for system-provided menu items; will not be used
Worker ready: AssetImportWorkerHW0 0
[Project] Loading completed in 4.319 seconds
	Project init time: 				3.578 seconds
		Template init time: 		0.000 seconds
		Package Manager init time: 		0.156 seconds
		Asset Database init time: 		0.295 seconds
		Global illumination init time: 	0.001 seconds
		Assemblies load time: 			0.671 seconds
		Unity extensions init time: 	0.009 seconds
		Asset Database refresh time: 	2.101 seconds
	Scene opening time: 			0.607 seconds
##utp:{"type":"ProjectInfo","version":2,"phase":"Immediate","time":1789253320074,"processId":5188,"projectLoad":4.319049875,"projectInit":3.577548708,"templateInit":0.0,"packageManagerInit":0.156201167,"assetDatabaseInit":0.294858583,"globalIlluminationInit":0.000731,"assembliesLoad":0.671307166,"unityExtensionsInit":0.009089083,"assetDatabaseRefresh":2.100881667,"sceneOpening":0.606932208}
##utp:{"type":"EditorInfo","version":2,"phase":"Immediate","time":1789253320074,"processId":5188,"editorVersion":"6000.6.0f1 (f7f8ed4d1e24)","branch":"6000.6/respin/6000.6.0f1-fa21a270ab12","buildType":"Release","platform":"OSX"}
Subscribe to USB device events
Start Indexing on Editor startup
[Indexing] Starting Initial Indexing for Assets
GPU Resident Drawer created.
Created GICache directory at /Users/lowkeyadi/Library/Caches/com.unity3d.UnityEditor/GiCache. Took: 0.012s, timestamps: [4.329 - 4.341]
[Licensing::Client] Successfully resolved entitlement details
[Licensing::Client] Successfully resolved entitlement details
[Licensing::Client] Successfully resolved entitlement details
[Licensing::Client] Successfully updated the access token
[Licensing::Module] Successfully updated access token: "5xwPGbui"... (expires: 2026-09-13T00:32:34Z)
[Licensing::Client] Successfully resolved entitlement details
2026-09-13 01:48:43.485 Unity[5188:126236] NSEventModifierFlagFunction specified to -setKeyEquivalentModifierMask: for item <NSMenuItem: 0xacc68f840 SDF, ke='Command-F12'>, but is only supported for system-provided menu items; will not be used
2026-09-13 01:48:43.487 Unity[5188:126236] NSEventModifierFlagFunction specified to -setKeyEquivalentModifierMask: for item <NSMenuItem: 0xacc68c820 SDF, ke='Command-F12'>, but is only supported for system-provided menu items; will not be used
2026-09-13 01:48:44.814 Unity[5188:126236] NSEventModifierFlagFunction specified to -setKeyEquivalentModifierMask: for item <NSMenuItem: 0xacc68e620 SDF, ke='Command-F12'>, but is only supported for system-provided menu items; will not be used
2026-09-13 01:48:48.315 Unity[5188:126236] NSEventModifierFlagFunction specified to -setKeyEquivalentModifierMask: for item <NSMenuItem: 0xacc68ee40 SDF, ke='Command-F12'>, but is only supported for system-provided menu items; will not be used
Launching external process: /Applications/Unity/Hub/Editor/6000.6.0f1/Unity.app/Contents/Helpers/UnityShaderCompiler
Launching external process: /Applications/Unity/Hub/Editor/6000.6.0f1/Unity.app/Contents/Helpers/UnityShaderCompiler
Launching external process: /Applications/Unity/Hub/Editor/6000.6.0f1/Unity.app/Contents/Helpers/UnityShaderCompiler
Launching external process: /Applications/Unity/Hub/Editor/6000.6.0f1/Unity.app/Contents/Helpers/UnityShaderCompiler
Launched and connected shader compiler UnityShaderCompiler after 0.01 seconds
Launched and connected shader compiler UnityShaderCompiler after 0.01 seconds
Launched and connected shader compiler UnityShaderCompiler after 0.01 seconds
Launched and connected shader compiler UnityShaderCompiler after 0.01 seconds
Launching external process: /Applications/Unity/Hub/Editor/6000.6.0f1/Unity.app/Contents/Helpers/UnityShaderCompiler
Launched and connected shader compiler UnityShaderCompiler after 0.01 seconds
Launching external process: /Applications/Unity/Hub/Editor/6000.6.0f1/Unity.app/Contents/Helpers/UnityShaderCompiler
Launched and connected shader compiler UnityShaderCompiler after 0.01 seconds
2026-09-13 01:48:59.435 Unity[5188:126236] NSEventModifierFlagFunction specified to -setKeyEquivalentModifierMask: for item <NSMenuItem: 0xacc68f2a0 SDF, ke='Command-F12'>, but is only supported for system-provided menu items; will not be used
Asset Pipeline Refresh (id=43e3479c78dcc49b0aab1eefc039dabd): Total: 0.128 seconds - Initiated by RefreshV2(AllowForceSynchronousImport)
TrimDiskCacheJob: Current cache size 0mb
2026-09-13 01:49:14.951 Unity[5188:126236] NSEventModifierFlagFunction specified to -setKeyEquivalentModifierMask: for item <NSMenuItem: 0xac6df54a0 SDF, ke='Command-F12'>, but is only supported for system-provided menu items; will not be used
Importing 'GUID: 00000000000000009000000000000000 - Path: ProjectSettings/QualitySettings.asset' with importer (LibraryAssetImporter)
Imported 'GUID: 00000000000000009000000000000000' -> (Import Result ID: '8151b601d05d3e12de314c2aa1f82962') in 0.000 seconds [static dependencies only]. Details - ImportResultOutputID=2a108b3da874f726c62fbe5f12be4a8a DependenciesID=6180c49ef29638684367d2893c04e070 StaticDependenciesID=5b19720d9149525484b40148944c8e26 
Asset Pipeline Refresh (id=5b9b5981fc2f044f8808e511ec5c8922): Total: 0.012 seconds - Initiated by StopAssetImportingV2(NoUpdateAssetOptions)
Importing 'GUID: 99c9720ab356a0642a771bea13969a05 - Path: Assets/Scenes/SampleScene.unity' with importer (DefaultImporter)
Imported 'GUID: 99c9720ab356a0642a771bea13969a05' -> (Import Result ID: '1050f221cf9955cae6cb443522579b10') in 0.000 seconds [static dependencies only]. Details - ImportResultOutputID=b4491ddbae88a879b6308480a6079ca7 DependenciesID=d25697e1a91757438cc5e8df25ecd00d StaticDependenciesID=68599790a8ba69d5f7e60523331656bc 
Asset Pipeline Refresh (id=1f271fbc70f584ac1839bce1298949b4): Total: 0.017 seconds - Initiated by StopAssetImportingV2(NoUpdateAssetOptions)
Starting new worker id: 1 with log in /Users/lowkeyadi/Desktop/Dough To Door/Dough2Door/Logs/AssetImportWorkerHW1.log
[Worker0] Imported GUID: 99c9720ab356a0642a771bea13969a05 - Path: Assets/Scenes/SampleScene.unity - Importer: ScriptedImporter/UnityEditor.QuickSearchModule:UnityEditor.Search:ASIAI0B -> (ImportResultId: '37b95cb9f3875eaeb88d930172cd5685') in 0.03682675 seconds
MonoPathRemapper: Attempts to remap: 32510; Successful remaps: 19070
Worker ready: AssetImportWorkerHW1 1
Thread 0x42874b000 may have been prematurely finalized
Serialized file version minimum: 22, current 23
[LAYOUT] About to save layout /Users/lowkeyadi/Desktop/Dough To Door/Dough2Door/UserSettings/Layouts/default-6000.dwlt
[LAYOUT] About to save layout /Users/lowkeyadi/Library/Preferences/Unity/Editor-5.x/Layouts/current/default-6000.dwlt
GPU Resident Drawer disposed.
Thread 0x428987000 may have been prematurely finalized
Input System module state changed to: ShutdownInProgress.
Input Polling Thread exited.
Input System module state changed to: Shutdown.
Shutting down MSBuild server...
Shutting down VB/C# compiler server...
VB/C# compiler server shut down successfully.
Thread 0x17899b000 may have been prematurely finalized
Thread 0x178ce3000 may have been prematurely finalized
Thread 0x178ab3000 may have been prematurely finalized
Thread 0x178bcb000 may have been prematurely finalized
Thread 0x178dfb000 may have been prematurely finalized
Thread 0x178d6f000 may have been prematurely finalized
Thread 0x178a27000 may have been prematurely finalized
Thread 0x178b3f000 may have been prematurely finalized
Thread 0x178c57000 may have been prematurely finalized
MSBuild server shut down successfully.
[Physics::Module] Cleanup current backend.
[Physics::Module] Id: 0xf2b8ea05
[Licensing::IpcConnector] LicenseClient-lowkeyadi-notifications channel disconnected successfully.
[Licensing::IpcConnector] LicenseClient-lowkeyadi channel disconnected successfully.
Shut down UDS service system complete
Thread 0x17d707000 may have been prematurely finalized
Lingering sessions upon destruction of worker manager
Unity Data Store service was successfully shut down
UDS shutting down local client system
AcceleratorClientConnectionCallback - disconnected - :0
Cleanup mono
CodeReloadManager destroyed
debugger-agent: Unable to listen on 78
Checking for leaked weakptr:
  Found no leaked weakptrs.
[Package Manager] Server process was shutdown
##utp:{"type":"MemoryLeaks","version":2,"phase":"Immediate","time":1789253392807,"processId":5188,"allocatedMemory":13719176,"memoryLabels":[{"Default":204403},{"Permanent":15672},{"Thread":1056696},{"Manager":2329726},{"VertexData":8},{"Geometry":408},{"Texture":24},{"Shader":854652},{"Material":24},{"GfxDevice":51544},{"GfxThread":6720},{"Animation":968},{"Audio":1896},{"FreeType":8},{"FontEngine":736},{"Physics":2002},{"Physics2D":16},{"Serialization":16456},{"Input":43216},{"JobScheduler":448},{"TextLib":17778},{"Mono":56},{"MonoCode":72},{"ScriptingNativeRuntime":155024},{"BaseObject":49888},{"Resource":984},{"Renderer":2456},{"Transform":4693},{"File":25395},{"WebCam":32},{"Culling":32},{"Terrain":11346},{"Wind":24},{"String":575037},{"StaticString":3808},{"Utility":2692032},{"PoolAlloc":2584},{"AI":80},{"TypeTree":17293},{"ScriptManager":12640},{"CodeReload":448},{"RuntimeInitializeOnLoadManager":64},{"Sprites":102},{"SpriteAtlas":120},{"GI":7240},{"Director":8288},{"CloudService":7584},{"WebRequest":520},{"VR":49426},{"SceneManager":616},{"Video":2112},{"LazyScriptCache":32},{"NativeArray":936},{"Camera":1177},{"Secure":9865},{"SerializationCache":9704},{"APIUpdating":10320},{"Subsystems":336},{"VirtualTexturing":57504},{"StaticSafetyDebugInfo":278528},{"Baselib":16},{"Analytics":568},{"Hierarchy":1492},{"UIElements":40},{"CoreStats":14536},{"Identifiers":7152},{"Gui":280902},{"EditorUtility":82550},{"VersionControl":8},{"Undo":939},{"AssetDatabase":4667430},{"AssetImporter":40},{"EditorGi":328},{"UnityConnect":36970},{"Upm":1788},{"UpmDiagnostics":8},{"AssetCompliance":96},{"DrivenProperties":72},{"HubClient":848},{"LocalIPC":208},{"ProfilerEditor":9738},{"CoreBusinessMetrics":3205},{"Windowing":416},{"Licensing":992},{"AssetReference":32},{"IPCStream":7003}]}
