
Server arguments:
  --memory-size 1073741824
  --shared-postfix 804ad5b6ea6b2cbe1d71c5f38c31f2da
  --working-directory Library/DataStore
  --silent-console
  --shutdown-grace 0
  --client-process-check 0
  --uds-log-file /Users/lowkeyadi/Desktop/Dough To Door/Dough2Door/Logs/UDS-Service.log
  --debug-log 2
  -name Unity.DataStore

Initialising UDS system complete:
  - System type: Service
  - Resource namespace: 804ad5b6ea6b2cbe1d71c5f38c31f2da
  - Shared memory size: 1073741824
  - Command buffer id: 1052672
  - Command buffer size: 8192
  - Hashmap size: 4194304
Starting Unity Data Store Application
Unity Data Store Application Complete
[Warning] Shutting down service while there are still connected clients, client count = 2
Shut down UDS service system complete
